[2024-10-25 11:28:03] local.INFO: array (
  'lat' => '23.757853442383',
  'lng' => '90.411270491741',
  'country' => 'Bangladesh',
  'region' => 'Dacca Division',
  'district' => 'Dhaka District',
  'place' => 'Dacca',
  'exact_location' => 'Dhaka District,Dacca Division,Bangladesh',
)  
[2024-10-25 11:28:19] local.INFO: array (
  'lat' => '24.377954540022753',
  'lng' => '89.34906005859376',
  'country' => 'Bangladesh',
  'region' => 'Magura Binod',
  'district' => 'Sirajganj District',
  'place' => NULL,
  'exact_location' => 'Sirajganj District,Magura Binod,Bangladesh',
)  
[2024-10-25 11:28:19] local.INFO: array (
  'lat' => '24.377954540022753',
  'lng' => '89.34906005859376',
  'country' => 'Bangladesh',
  'region' => 'Magura Binod',
  'district' => 'Sirajganj District',
  'place' => NULL,
  'exact_location' => 'Sirajganj District,Magura Binod,Bangladesh',
)  
[2024-10-25 11:28:31] local.ERROR: Échec de l'envoi de la notification de l'emploi à employeur@gmail.com: Attempt to read property "title" on string  
[2024-10-25 11:28:31] local.ERROR: Échec de l'envoi de la notification de l'emploi à admin@mail.com: Attempt to read property "title" on string  
[2024-10-25 11:28:31] local.ERROR: Échec de l'envoi de la notification de l'emploi à dokemete@mailinator.com: Attempt to read property "title" on string  
[2024-10-25 11:28:31] local.ERROR: Échec de l'envoi de la notification de l'emploi à waxed12482@abatido.com: Attempt to read property "title" on string  
[2024-10-25 11:28:31] local.ERROR: Échec de l'envoi de la notification de l'emploi à jojoaziatin9@gmail.com: Attempt to read property "title" on string  
[2024-10-25 11:28:32] local.ERROR: Échec de l'envoi de la notification de l'emploi à jojoaziatin917@gmail.com: Attempt to read property "title" on string  
[2024-10-25 11:28:32] local.ERROR: Échec de l'envoi de la notification de l'emploi à contact.eckolar@gmail.com: Attempt to read property "title" on string  
[2024-10-25 11:28:32] local.ERROR: Échec de l'envoi de la notification de l'emploi à delon.dagba@gmail.com: Attempt to read property "title" on string  
[2024-10-25 11:28:32] local.ERROR: Échec de l'envoi de la notification de l'emploi à lionnel.ecom@gmail.com: Attempt to read property "title" on string  
[2024-10-25 11:28:32] local.ERROR: Échec de l'envoi de la notification de l'emploi à mamaj31737@abaot.com: Attempt to read property "title" on string  
[2024-10-25 11:28:33] local.ERROR: Échec de l'envoi de la notification de l'emploi à mama1@abaot.com: Attempt to read property "title" on string  
[2024-10-25 11:28:33] local.ERROR: Échec de l'envoi de la notification de l'emploi à mama2@abaot.com: Attempt to read property "title" on string  
[2024-10-25 11:28:33] local.ERROR: Échec de l'envoi de la notification de l'emploi à faridath1@gmail.com: Attempt to read property "title" on string  
[2024-10-25 11:28:33] local.ERROR: Échec de l'envoi de la notification de l'emploi à estelle@gmail.com: Attempt to read property "title" on string  
[2024-10-25 11:28:33] local.ERROR: Échec de l'envoi de la notification de l'emploi à postuleur@gmail.com: Attempt to read property "title" on string  
[2024-10-25 11:28:33] local.ERROR: Échec de l'envoi de la notification de l'emploi à postuleur1@gmail.com: Attempt to read property "title" on string  
[2024-10-25 11:28:33] local.ERROR: Échec de l'envoi de la notification de l'emploi à modjissoladorego@gmail.com: Attempt to read property "title" on string  
[2024-10-25 11:28:33] local.ERROR: Échec de l'envoi de la notification de l'emploi à saloufawoziath236@gmail.com: Attempt to read property "title" on string  
[2024-10-25 11:30:29] local.INFO: array (
  'lat' => '23.757853442383',
  'lng' => '90.411270491741',
  'country' => 'Bangladesh',
  'region' => 'Dacca Division',
  'district' => 'Dhaka District',
  'place' => 'Dacca',
  'exact_location' => 'Dhaka District,Dacca Division,Bangladesh',
)  
[2024-10-25 11:30:40] local.ERROR: Échec de l'envoi de la notification de l'emploi à employeur@gmail.com: Attempt to read property "title" on string  
[2024-10-25 11:30:40] local.ERROR: Échec de l'envoi de la notification de l'emploi à admin@mail.com: Attempt to read property "title" on string  
[2024-10-25 11:30:40] local.ERROR: Échec de l'envoi de la notification de l'emploi à dokemete@mailinator.com: Attempt to read property "title" on string  
[2024-10-25 11:30:41] local.ERROR: Échec de l'envoi de la notification de l'emploi à waxed12482@abatido.com: Attempt to read property "title" on string  
[2024-10-25 11:30:41] local.ERROR: Échec de l'envoi de la notification de l'emploi à jojoaziatin9@gmail.com: Attempt to read property "title" on string  
[2024-10-25 11:30:41] local.ERROR: Échec de l'envoi de la notification de l'emploi à jojoaziatin917@gmail.com: Attempt to read property "title" on string  
[2024-10-25 11:30:41] local.ERROR: Échec de l'envoi de la notification de l'emploi à contact.eckolar@gmail.com: Attempt to read property "title" on string  
[2024-10-25 11:30:42] local.ERROR: Échec de l'envoi de la notification de l'emploi à delon.dagba@gmail.com: Attempt to read property "title" on string  
[2024-10-25 11:30:42] local.ERROR: Échec de l'envoi de la notification de l'emploi à lionnel.ecom@gmail.com: Attempt to read property "title" on string  
[2024-10-25 11:30:42] local.ERROR: Échec de l'envoi de la notification de l'emploi à mamaj31737@abaot.com: Attempt to read property "title" on string  
[2024-10-25 11:30:42] local.ERROR: Échec de l'envoi de la notification de l'emploi à mama1@abaot.com: Attempt to read property "title" on string  
[2024-10-25 11:30:42] local.ERROR: Échec de l'envoi de la notification de l'emploi à mama2@abaot.com: Attempt to read property "title" on string  
[2024-10-25 11:30:42] local.ERROR: Échec de l'envoi de la notification de l'emploi à faridath1@gmail.com: Attempt to read property "title" on string  
[2024-10-25 11:30:42] local.ERROR: Échec de l'envoi de la notification de l'emploi à estelle@gmail.com: Attempt to read property "title" on string  
[2024-10-25 11:30:42] local.ERROR: Échec de l'envoi de la notification de l'emploi à postuleur@gmail.com: Attempt to read property "title" on string  
[2024-10-25 11:30:43] local.ERROR: Échec de l'envoi de la notification de l'emploi à postuleur1@gmail.com: Attempt to read property "title" on string  
[2024-10-25 11:30:43] local.ERROR: Échec de l'envoi de la notification de l'emploi à modjissoladorego@gmail.com: Attempt to read property "title" on string  
[2024-10-25 11:30:43] local.ERROR: Échec de l'envoi de la notification de l'emploi à saloufawoziath236@gmail.com: Attempt to read property "title" on string  
[2024-10-25 11:47:22] local.ERROR: SQLSTATE[70100]: <<Unknown error>>: 1927 Connection was killed {"exception":"[object] (PDOException(code: 70100): SQLSTATE[70100]: <<Unknown error>>: 1927 Connection was killed at /opt/lampp/htdocs/MEGATECH/wura1/vendor/laravel/framework/src/Illuminate/Database/Concerns/ManagesTransactions.php:149)
[stacktrace]
#0 /opt/lampp/htdocs/MEGATECH/wura1/vendor/laravel/framework/src/Illuminate/Database/Concerns/ManagesTransactions.php(149): PDO->beginTransaction()
#1 /opt/lampp/htdocs/MEGATECH/wura1/vendor/laravel/framework/src/Illuminate/Database/Concerns/ManagesTransactions.php(125): Illuminate\\Database\\Connection->createTransaction()
#2 /opt/lampp/htdocs/MEGATECH/wura1/vendor/laravel/framework/src/Illuminate/Database/Concerns/ManagesTransactions.php(24): Illuminate\\Database\\Connection->beginTransaction()
#3 /opt/lampp/htdocs/MEGATECH/wura1/vendor/laravel/framework/src/Illuminate/Queue/DatabaseQueue.php(227): Illuminate\\Database\\Connection->transaction()
#4 /opt/lampp/htdocs/MEGATECH/wura1/vendor/laravel/framework/src/Illuminate/Queue/Worker.php(349): Illuminate\\Queue\\DatabaseQueue->pop()
#5 /opt/lampp/htdocs/MEGATECH/wura1/vendor/laravel/framework/src/Illuminate/Queue/Worker.php(363): Illuminate\\Queue\\Worker->Illuminate\\Queue\\{closure}()
#6 /opt/lampp/htdocs/MEGATECH/wura1/vendor/laravel/framework/src/Illuminate/Queue/Worker.php(163): Illuminate\\Queue\\Worker->getNextJob()
#7 /opt/lampp/htdocs/MEGATECH/wura1/vendor/laravel/framework/src/Illuminate/Queue/Console/WorkCommand.php(138): Illuminate\\Queue\\Worker->daemon()
#8 /opt/lampp/htdocs/MEGATECH/wura1/vendor/laravel/framework/src/Illuminate/Queue/Console/WorkCommand.php(121): Illuminate\\Queue\\Console\\WorkCommand->runWorker()
#9 /opt/lampp/htdocs/MEGATECH/wura1/vendor/laravel/framework/src/Illuminate/Container/BoundMethod.php(36): Illuminate\\Queue\\Console\\WorkCommand->handle()
#10 /opt/lampp/htdocs/MEGATECH/wura1/vendor/laravel/framework/src/Illuminate/Container/Util.php(41): Illuminate\\Container\\BoundMethod::Illuminate\\Container\\{closure}()
#11 /opt/lampp/htdocs/MEGATECH/wura1/vendor/laravel/framework/src/Illuminate/Container/BoundMethod.php(93): Illuminate\\Container\\Util::unwrapIfClosure()
#12 /opt/lampp/htdocs/MEGATECH/wura1/vendor/laravel/framework/src/Illuminate/Container/BoundMethod.php(37): Illuminate\\Container\\BoundMethod::callBoundMethod()
#13 /opt/lampp/htdocs/MEGATECH/wura1/vendor/laravel/framework/src/Illuminate/Container/Container.php(662): Illuminate\\Container\\BoundMethod::call()
#14 /opt/lampp/htdocs/MEGATECH/wura1/vendor/laravel/framework/src/Illuminate/Console/Command.php(211): Illuminate\\Container\\Container->call()
#15 /opt/lampp/htdocs/MEGATECH/wura1/vendor/symfony/console/Command/Command.php(326): Illuminate\\Console\\Command->execute()
#16 /opt/lampp/htdocs/MEGATECH/wura1/vendor/laravel/framework/src/Illuminate/Console/Command.php(181): Symfony\\Component\\Console\\Command\\Command->run()
#17 /opt/lampp/htdocs/MEGATECH/wura1/vendor/symfony/console/Application.php(1096): Illuminate\\Console\\Command->run()
#18 /opt/lampp/htdocs/MEGATECH/wura1/vendor/symfony/console/Application.php(324): Symfony\\Component\\Console\\Application->doRunCommand()
#19 /opt/lampp/htdocs/MEGATECH/wura1/vendor/symfony/console/Application.php(175): Symfony\\Component\\Console\\Application->doRun()
#20 /opt/lampp/htdocs/MEGATECH/wura1/vendor/laravel/framework/src/Illuminate/Foundation/Console/Kernel.php(201): Symfony\\Component\\Console\\Application->run()
#21 /opt/lampp/htdocs/MEGATECH/wura1/artisan(37): Illuminate\\Foundation\\Console\\Kernel->handle()
#22 {main}
"} 
[2024-10-25 11:47:26] local.ERROR: SQLSTATE[HY000] [2002] Connection refused {"exception":"[object] (PDOException(code: 2002): SQLSTATE[HY000] [2002] Connection refused at /opt/lampp/htdocs/MEGATECH/wura1/vendor/laravel/framework/src/Illuminate/Database/Connectors/Connector.php:65)
[stacktrace]
#0 /opt/lampp/htdocs/MEGATECH/wura1/vendor/laravel/framework/src/Illuminate/Database/Connectors/Connector.php(65): PDO->__construct()
#1 /opt/lampp/htdocs/MEGATECH/wura1/vendor/laravel/framework/src/Illuminate/Database/Connectors/Connector.php(83): Illuminate\\Database\\Connectors\\Connector->createPdoConnection()
#2 /opt/lampp/htdocs/MEGATECH/wura1/vendor/laravel/framework/src/Illuminate/Database/Connectors/Connector.php(49): Illuminate\\Database\\Connectors\\Connector->tryAgainIfCausedByLostConnection()
#3 /opt/lampp/htdocs/MEGATECH/wura1/vendor/laravel/framework/src/Illuminate/Database/Connectors/MySqlConnector.php(24): Illuminate\\Database\\Connectors\\Connector->createConnection()
#4 /opt/lampp/htdocs/MEGATECH/wura1/vendor/laravel/framework/src/Illuminate/Database/Connectors/ConnectionFactory.php(184): Illuminate\\Database\\Connectors\\MySqlConnector->connect()
#5 [internal function]: Illuminate\\Database\\Connectors\\ConnectionFactory->Illuminate\\Database\\Connectors\\{closure}()
#6 /opt/lampp/htdocs/MEGATECH/wura1/vendor/laravel/framework/src/Illuminate/Database/Connection.php(1339): call_user_func()
#7 /opt/lampp/htdocs/MEGATECH/wura1/vendor/laravel/framework/src/Illuminate/Database/Concerns/ManagesTransactions.php(185): Illuminate\\Database\\Connection->getPdo()
#8 /opt/lampp/htdocs/MEGATECH/wura1/vendor/laravel/framework/src/Illuminate/Database/Concerns/ManagesTransactions.php(151): Illuminate\\Database\\Connection->handleBeginTransactionException()
#9 /opt/lampp/htdocs/MEGATECH/wura1/vendor/laravel/framework/src/Illuminate/Database/Concerns/ManagesTransactions.php(125): Illuminate\\Database\\Connection->createTransaction()
#10 /opt/lampp/htdocs/MEGATECH/wura1/vendor/laravel/framework/src/Illuminate/Database/Concerns/ManagesTransactions.php(24): Illuminate\\Database\\Connection->beginTransaction()
#11 /opt/lampp/htdocs/MEGATECH/wura1/vendor/laravel/framework/src/Illuminate/Queue/DatabaseQueue.php(227): Illuminate\\Database\\Connection->transaction()
#12 /opt/lampp/htdocs/MEGATECH/wura1/vendor/laravel/framework/src/Illuminate/Queue/Worker.php(349): Illuminate\\Queue\\DatabaseQueue->pop()
#13 /opt/lampp/htdocs/MEGATECH/wura1/vendor/laravel/framework/src/Illuminate/Queue/Worker.php(363): Illuminate\\Queue\\Worker->Illuminate\\Queue\\{closure}()
#14 /opt/lampp/htdocs/MEGATECH/wura1/vendor/laravel/framework/src/Illuminate/Queue/Worker.php(163): Illuminate\\Queue\\Worker->getNextJob()
#15 /opt/lampp/htdocs/MEGATECH/wura1/vendor/laravel/framework/src/Illuminate/Queue/Console/WorkCommand.php(138): Illuminate\\Queue\\Worker->daemon()
#16 /opt/lampp/htdocs/MEGATECH/wura1/vendor/laravel/framework/src/Illuminate/Queue/Console/WorkCommand.php(121): Illuminate\\Queue\\Console\\WorkCommand->runWorker()
#17 /opt/lampp/htdocs/MEGATECH/wura1/vendor/laravel/framework/src/Illuminate/Container/BoundMethod.php(36): Illuminate\\Queue\\Console\\WorkCommand->handle()
#18 /opt/lampp/htdocs/MEGATECH/wura1/vendor/laravel/framework/src/Illuminate/Container/Util.php(41): Illuminate\\Container\\BoundMethod::Illuminate\\Container\\{closure}()
#19 /opt/lampp/htdocs/MEGATECH/wura1/vendor/laravel/framework/src/Illuminate/Container/BoundMethod.php(93): Illuminate\\Container\\Util::unwrapIfClosure()
#20 /opt/lampp/htdocs/MEGATECH/wura1/vendor/laravel/framework/src/Illuminate/Container/BoundMethod.php(37): Illuminate\\Container\\BoundMethod::callBoundMethod()
#21 /opt/lampp/htdocs/MEGATECH/wura1/vendor/laravel/framework/src/Illuminate/Container/Container.php(662): Illuminate\\Container\\BoundMethod::call()
#22 /opt/lampp/htdocs/MEGATECH/wura1/vendor/laravel/framework/src/Illuminate/Console/Command.php(211): Illuminate\\Container\\Container->call()
#23 /opt/lampp/htdocs/MEGATECH/wura1/vendor/symfony/console/Command/Command.php(326): Illuminate\\Console\\Command->execute()
#24 /opt/lampp/htdocs/MEGATECH/wura1/vendor/laravel/framework/src/Illuminate/Console/Command.php(181): Symfony\\Component\\Console\\Command\\Command->run()
#25 /opt/lampp/htdocs/MEGATECH/wura1/vendor/symfony/console/Application.php(1096): Illuminate\\Console\\Command->run()
#26 /opt/lampp/htdocs/MEGATECH/wura1/vendor/symfony/console/Application.php(324): Symfony\\Component\\Console\\Application->doRunCommand()
#27 /opt/lampp/htdocs/MEGATECH/wura1/vendor/symfony/console/Application.php(175): Symfony\\Component\\Console\\Application->doRun()
#28 /opt/lampp/htdocs/MEGATECH/wura1/vendor/laravel/framework/src/Illuminate/Foundation/Console/Kernel.php(201): Symfony\\Component\\Console\\Application->run()
#29 /opt/lampp/htdocs/MEGATECH/wura1/artisan(37): Illuminate\\Foundation\\Console\\Kernel->handle()
#30 {main}
"} 
[2024-10-28 08:52:33] local.INFO: array (
  'lat' => '6.4373112876537',
  'lng' => '2.1134948730469',
  'country' => 'Bénin',
  'region' => 'Atlantique',
  'district' => 'Ouidah',
  'place' => NULL,
  'exact_location' => 'Ouidah,Atlantique,Bénin',
)  
